// Jest Snapshot v1, https://goo.gl/fbAQLP

exports[`<Tab4 /> matches the snapshot 1`] = `
<Fragment>
  <TabTitle
    text="Edit Media rights"
  />
  <TabContainer>
    <Switch
      field="isMediaRights"
      isChecked={false}
      switchHandler={[Function]}
      text="Enable media rights framework?"
    />
  </TabContainer>
</Fragment>
`;

exports[`<Tab4 /> matches the snapshot 2`] = `
<Fragment>
  <TabTitle
    text="Edit Media rights"
  />
  <TabContainer>
    <Switch
      field="isMediaRights"
      isChecked={true}
      switchHandler={[Function]}
      text="Enable media rights framework?"
    />
    <hr
      className="campaigns-settings__border-separator"
    />
    <CreatableSelectInput
      field="hashtagRightsList"
      itemsList={
        Array [
          "zxc",
          "vbn",
        ]
      }
      stateHandler={[Function]}
      text="Hashtags for auto-grant rights"
      tooltipText="test message"
    />
    <div
      className="campaigns-settings__divider-mt-32"
    />
    <TextareaInput
      className="campaigns-settings__min-h-320"
      field="termsAndConditions"
      stateHandler={[Function]}
      title="Terms & Conditions for media rights"
      value="Lorem ipsum dolor sit amet, consectetur adipiscing elit, sed do eiusmod tempor incididunt ut labore et dolore magna aliqua.Lorem ipsum dolor sit amet, consectetur adipiscing elit, sed do eiusmod tempor incididunt ut labore et dolore magna aliqua.Lorem ipsum dolor sit amet, consectetur adipiscing elit, sed do eiusmod tempor incididunt ut labore et dolore magna aliqua.Lorem ipsum dolor sit amet, consectetur adipiscing elit, sed do eiusmod tempor incididunt ut labore et dolore magna aliqua.Lorem ipsum dolor sit amet, consectetur adipiscing elit, sed do eiusmod tempor incididunt ut labore et dolore magna aliqua.Lorem ipsum dolor sit amet, consectetur adipiscing elit, sed do eiusmod tempor incididunt ut labore et dolore magna aliqua."
    />
  </TabContainer>
</Fragment>
`;
