// Jest Snapshot v1, https://goo.gl/fbAQLP

exports[`<Tab3 /> matches the snapshot 1`] = `
<Fragment>
  <TabTitle
    text="Blacklisting"
  />
  <TabContainer>
    <CreatableSelectInput
      field="userBlackList"
      itemsList={
        Array [
          "asd",
          "fgh",
        ]
      }
      stateHandler={[Function]}
      text="Do not collect media of these users (max. 3, comma-separated)"
    />
    <div
      className="campaigns-settings__divider-mt-32"
    />
    <CreatableSelectInput
      field="hashtagBlackList"
      itemsList={
        Array [
          "zxc",
          "vbn",
        ]
      }
      stateHandler={[Function]}
      text="Do not include media with hashtag (max. 3, comma-separated)"
    />
  </TabContainer>
</Fragment>
`;
